// Jest Snapshot v1, https://goo.gl/fbAQLP

exports[`<Slider> component snapshots/renders Slider correctly 1`] = `
<div
  className="hcl-slider-wrapper"
>
  <div
    className="hcl-slider"
  >
    <label
      className="hcl-label hcl-slider-bottom-range"
      htmlFor=""
    >
      0
    </label>
    <div
      className="hcl-slider-input-wrapper"
    >
      <input
        className="hcl-slider-input"
        id={null}
        max={100}
        min={0}
        onChange={[Function]}
        onClick={[Function]}
        step={1}
        type="range"
        value={0}
      />
      <div
        className="hcl-range-value"
      >
        <span>
          0
        </span>
      </div>
    </div>
    <label
      className="hcl-label hcl-slider-top-range"
      htmlFor=""
    >
      100
    </label>
    <input
      aria-label={null}
      className="hcl-form-control hcl-slider-text-input"
      data-invalid={false}
      max={100}
      min={0}
      onChange={[Function]}
      step={1}
      type="number"
      value={0}
    />
  </div>
</div>
`;
