// Jest Snapshot v1, https://goo.gl/fbAQLP

exports[`<Overflowmenu> component snapshots/renders Overflowmenu correctly 1`] = `
<div
  className="hcl-overlay-wrapper"
>
  <button
    aria-label="Overflow Menu"
    className="
            hcl-overflow-btn 
            
            
            hcl-ellipsis 
            
            "
    onClick={[Function]}
    role="Overflow Menu"
  />
</div>
`;
