// Jest Snapshot v1, https://goo.gl/fbAQLP

exports[`<Modal> component snapshots/renders Modal correctly 1`] = `
<section
  className="hcl-modal"
  onKeyDown={[Function]}
  tabIndex="0"
>
  <div
    className="hcl-modal-container hcl-modal-container-lg "
  >
    <button
      aria-label="modal-close"
      className="hcl-modal-close"
      onClick={[Function]}
      type="button"
    >
      <svg
        version="1.1"
        viewBox="0 0 16 16"
        xmlns="https://www.w3.org/2000/svg"
      >
        <polygon
          points="15.393,2.021 13.979,0.607 8,6.586 2.021,0.607 0.607,2.021 6.586,8 0.607,13.979 2.021,15.393 8,9.414  13.979,15.393 15.393,13.979 9.414,8 "
        />
      </svg>
    </button>
    <div
      className="hcl-modal-content hcl-modal-content-lg"
    >
      <p
        className=""
      >
        Danger Modal with save and close buttons
      </p>
    </div>
  </div>
</section>
`;
