// Jest Snapshot v1, https://goo.gl/fbAQLP

exports[`TreeView renders correctly 1`] = `
<ul
  className="hcl-tree "
  role="tree"
>
  <li
    aria-expanded={false}
    className="tree-item"
    role="treeitem"
  >
    <div
      className="tree-node "
      level="0"
      onClick={[Function]}
      onDragEnd={[Function]}
      onDragLeave={[Function]}
      onDragOver={[Function]}
      onDrop={[Function]}
      onKeyDown={[Function]}
      tabIndex="0"
    >
      <i
        className="toggle-icon caret"
      />
      <div
        className="treenode-action-wrapper"
      >
        <div
          className="treenode-content-wrapper"
        >
          <i
            className="section1expand"
          />
          <span
            className="tree-text-node "
            draggable={false}
            onClick={[Function]}
            onDragStart={[Function]}
            title="Section 1"
          >
            <div
              onDragOver={[Function]}
              onDrop={[Function]}
            >
              Section 1
            </div>
          </span>
        </div>
      </div>
    </div>
  </li>
  <li
    aria-expanded={null}
    className="tree-item"
    role="treeitem"
  >
    <div
      className="tree-node no-children-exist "
      level="1"
      onDragEnd={[Function]}
      onDragLeave={[Function]}
      onDragOver={[Function]}
      onDrop={[Function]}
      onKeyDown={[Function]}
      tabIndex="0"
    >
      <div
        className="treenode-action-wrapper"
      >
        <div
          className="treenode-content-wrapper"
        >
          <i
            className="section2expand"
          />
          <span
            className="tree-text-node "
            draggable={false}
            onClick={[Function]}
            onDragStart={[Function]}
            title="Section 2"
          >
            <div
              onDragOver={[Function]}
              onDrop={[Function]}
            >
              Section 2
            </div>
          </span>
        </div>
      </div>
    </div>
  </li>
</ul>
`;
